// Jest Snapshot v1, https://goo.gl/fbAQLP

exports[`DiffExprResults can sort the gene names in alphabetical order 1`] = `
Object {
  "payload": Object {
    "experimentId": "1234",
  },
  "type": "diffExpr/loading",
}
`;

exports[`DiffExprResults can sort the gene names in alphabetical order 2`] = `
Object {
  "payload": Object {
    "comparisonGroup": Object {
      "basis": "scratchpad/scratchpad-a",
      "cellSet": "louvain/cluster-a",
      "compareWith": "louvain/cluster-b",
    },
    "comparisonType": "between",
    "data": Array [
      Object {
        "auc": "0.1",
        "gene_names": "A",
        "logFC": -1.4274754343649423,
        "p_val": 1.4969461240347763e-12,
        "p_val_adj": 1.647289002209057e-11,
      },
      Object {
        "auc": "0.2",
        "gene_names": "B",
        "logFC": -2.4274754343649425,
        "p_val": 2.4969461240347763e-12,
        "p_val_adj": 2.647289002209057e-11,
      },
      Object {
        "auc": "0.3",
        "gene_names": "C",
        "logFC": -3.4274754343649425,
        "p_val": 3.4969461240347765e-12,
        "p_val_adj": 3.647289002209057e-11,
      },
      Object {
        "auc": "0.4",
        "gene_names": "D",
        "logFC": -4.4274754343649425,
        "p_val": 4.496946124034777e-12,
        "p_val_adj": 4.647289002209057e-11,
      },
      Object {
        "auc": "0.5",
        "gene_names": "E",
        "logFC": -5.4274754343649425,
        "p_val": 5.4969461240347765e-12,
        "p_val_adj": 5.647289002209057e-11,
      },
    ],
    "experimentId": "1234",
    "total": 500,
  },
  "type": "diffExpr/loaded",
}
`;
