// Jest Snapshot v1, https://goo.gl/fbAQLP

exports[`createCellSet action Dispatches an action to create cell set to the reducer 1`] = `
Object {
  "payload": Object {
    "cellIds": Set {
      1,
      2,
      3,
    },
    "color": "#ff0000",
    "experimentId": "1234",
    "key": "a key",
    "name": "one",
    "type": "cellSets",
  },
  "type": "cellSets/create",
}
`;

exports[`createCellSet action Send fetch to the api 1`] = `
Object {
  "body": "[{\\"$match\\":{\\"query\\":\\"$[?(@.key == \\\\\\"scratchpad\\\\\\")]\\",\\"value\\":{\\"children\\":[{\\"$insert\\":{\\"index\\":\\"-\\",\\"value\\":{\\"key\\":\\"some-uuid\\",\\"name\\":\\"one\\",\\"color\\":\\"#ff0000\\",\\"cellIds\\":{},\\"type\\":\\"cellSets\\"}}}]}}}]",
  "headers": Object {
    "Content-Type": "application/boschni-json-merger+json",
  },
  "method": "PATCH",
}
`;
