// Jest Snapshot v1, https://goo.gl/fbAQLP

exports[`loadCellSets action Dispatches a loaded action when run with the initial state. 1`] = `undefined`;

exports[`loadCellSets action Dispatches a loading action when run after an error condition. 1`] = `
Object {
  "type": "cellSets/loading",
}
`;

exports[`loadCellSets action Dispatches an error condition if fetch fails 1`] = `undefined`;
