// Jest Snapshot v1, https://goo.gl/fbAQLP

exports[`cellSetsClusteringUpdated Sets loading and error indicators appropriately 1`] = `
Object {
  "error": false,
  "hidden": Set {},
  "hierarchy": Array [],
  "loading": true,
  "properties": Object {},
  "selected": Array [],
  "updatingClustering": false,
}
`;
