// Jest Snapshot v1, https://goo.gl/fbAQLP

exports[`updateSampleFile action Dispatches call to save samples on upload success 1`] = `
Array [
  Object {
    "payload": Object {
      "fileDiff": Object {
        "error": false,
        "lastModified": "",
        "mime": "",
        "name": "file-1",
        "objectKey": "",
        "path": "",
        "size": 0,
        "success": false,
        "upload": Object {
          "status": "uploaded",
        },
      },
      "fileName": "file-1",
      "lastModified": "4021-01-01T00:00:00.000Z",
      "sampleUuid": "abc123",
    },
    "type": "samples/fileUpdate",
  },
]
`;
