// Jest Snapshot v1, https://goo.gl/fbAQLP

exports[`markerGenesLoading returns correct state 1`] = `
Object {
  "markers": Object {
    "error": false,
    "loading": true,
  },
}
`;
