// Jest Snapshot v1, https://goo.gl/fbAQLP

exports[`deleteMetadataTrack action Works correctly in api v2 1`] = `
Array [
  Object {
    "key": "Test",
    "projectUuid": "project-1234",
  },
  Object {
    "metadataKey": "Test",
    "sampleUuid": "sample-1234",
  },
]
`;
