// Jest Snapshot v1, https://goo.gl/fbAQLP

exports[`loadDifferentialExpression action Dispatches appropriately on failure 1`] = `
Object {
  "payload": Object {
    "experimentId": "1234",
  },
  "type": "diffExpr/loading",
}
`;

exports[`loadDifferentialExpression action Dispatches appropriately on failure 2`] = `
Object {
  "payload": Object {
    "error": [Error: random error!],
    "experimentId": "1234",
  },
  "type": "diffExpr/error",
}
`;

exports[`loadDifferentialExpression action Dispatches appropriately on success 1`] = `
Object {
  "payload": Object {
    "experimentId": "1234",
  },
  "type": "diffExpr/loading",
}
`;

exports[`loadDifferentialExpression action Dispatches appropriately on success 2`] = `
Object {
  "payload": Object {
    "cellSets": Object {
      "basis": "condition/condition-control",
      "cellSet": "louvain/louvain-0",
      "compareWith": "louvain/louvain-1",
    },
    "comparisonType": "within",
    "data": Array [
      Object {
        "gene_names": "A",
        "logFC": 3.45,
        "p_val": 1.16,
        "p_val_adj": 2.16,
      },
      Object {
        "gene_names": "B",
        "logFC": 4.45,
        "p_val": 2.16,
        "p_val_adj": 3.16,
      },
      Object {
        "gene_names": "C",
        "logFC": 5.45,
        "p_val": 3.16,
        "p_val_adj": 4.16,
      },
      Object {
        "gene_names": "D",
        "logFC": 6.45,
        "p_val": 4.16,
        "p_val_adj": 5.16,
      },
      Object {
        "gene_names": "E",
        "logFC": 7.45,
        "p_val": 5.16,
        "p_val_adj": 6.16,
      },
      Object {
        "gene_names": "F",
        "logFC": 8.45,
        "p_val": 6.16,
        "p_val_adj": 7.16,
      },
    ],
    "experimentId": "1234",
    "total": undefined,
  },
  "type": "diffExpr/loaded",
}
`;
