// Jest Snapshot v1, https://goo.gl/fbAQLP

exports[`Get cell sets hierarchy selector by key test returns correctly by more than one key 1`] = `Array []`;

exports[`Get cell sets hierarchy selector by key test returns correctly by one key 1`] = `Array []`;
