// Jest Snapshot v1, https://goo.gl/fbAQLP

exports[`updateExperiment Dispatches actions when called 1`] = `
Array [
  Object {
    "type": "experiments/saving",
  },
  Object {
    "payload": Object {
      "experiment": Object {
        "createdDate": null,
        "description": "Analysis description",
        "id": "experiment-1",
        "lastViewed": null,
        "meta": Object {
          "organism": null,
          "type": "10x",
        },
        "name": "updated-experiment",
        "notifyByEmail": true,
        "projectUuid": null,
        "sampleIds": Array [],
      },
      "experimentId": "experiment-1",
    },
    "type": "experiments/updated",
  },
  Object {
    "type": "experiments/saved",
  },
]
`;
